Testing with item_seq: 200808876
Drug Found:
Name: 가스디알정50밀리그램(디메크로틴산마그네슘)
Class Name: 기타의 소화기관용약
Full Data: {'item_seq': 200808876, 'item_name': '가스디알정50밀리그램(디메크로틴산마그네슘)', 'company_name': '일동제약(주)', 'form_code_name': '당의정', 'etc_otc_name': '전문의약품', 'drug_shape': '원형', 'color_class1': '연두', 'color_class2': None, 'print_front': 'IDG', 'leng_long': '7.6', 'leng_short': '7.6', 'entp_seq': 19540006, 'class_name': '기타의 소화기관용약', 'class_no': 2390.0, 'item_image': 'https://nedrug.mfds.go.kr/pbp/cmn/itemImageDownload/147426403087300104'}
